// Jest Snapshot v1, https://goo.gl/fbAQLP

exports[`renders correctly 1`] = `
<div
  className="rn-WebkitOverflowScrolling-150rngu rn-alignItems-1oszu61 rn-borderTopStyle-1efd50x rn-borderRightStyle-14skgim rn-borderBottomStyle-rull8r rn-borderLeftStyle-mm0ijv rn-borderTopWidth-13yce4e rn-borderRightWidth-fnigne rn-borderBottomWidth-ndvcnb rn-borderLeftWidth-gxnn5r rn-boxSizing-deolkf rn-display-6koalj rn-flex-13awgt0 rn-flexGrow-1m1wadx rn-flexShrink-1awmn5t rn-flexDirection-eqz5dr rn-marginTop-1mnahxq rn-marginRight-61z16t rn-marginBottom-p1pxzi rn-marginLeft-11wrixw rn-minHeight-ifefl9 rn-minWidth-bcqeeo rn-overflowX-11yh6sk rn-overflowY-1rnoaur rn-paddingTop-wk8lta rn-paddingRight-9aemit rn-paddingBottom-1mdbw0j rn-paddingLeft-gy4na3 rn-position-bnwqim rn-transform-emqnss rn-zIndex-1lgpqti"
  onResponderGrant={[Function]}
  onResponderReject={[Function]}
  onResponderRelease={[Function]}
  onResponderTerminate={undefined}
  onResponderTerminationRequest={[Function]}
  onScroll={[Function]}
  onScrollShouldSetResponder={[Function]}
  onStartShouldSetResponder={[Function]}
  onStartShouldSetResponderCapture={[Function]}
  onTouchEnd={[Function]}
  onTouchMove={[Function]}
  onTouchStart={[Function]}
  onWheel={[Function]}
>
  <div
    className="rn-alignItems-1oszu61 rn-borderTopStyle-1efd50x rn-borderRightStyle-14skgim rn-borderBottomStyle-rull8r rn-borderLeftStyle-mm0ijv rn-borderTopWidth-13yce4e rn-borderRightWidth-fnigne rn-borderBottomWidth-ndvcnb rn-borderLeftWidth-gxnn5r rn-boxSizing-deolkf rn-display-6koalj rn-flexShrink-1pxmb3b rn-flexBasis-7vfszb rn-flexDirection-eqz5dr rn-marginTop-1mnahxq rn-marginRight-61z16t rn-marginBottom-p1pxzi rn-marginLeft-11wrixw rn-minHeight-ifefl9 rn-minWidth-bcqeeo rn-paddingTop-wk8lta rn-paddingRight-9aemit rn-paddingBottom-1mdbw0j rn-paddingLeft-gy4na3 rn-position-bnwqim rn-zIndex-1lgpqti"
  >
    <div
      className="rn-alignItems-1awozwy rn-backgroundColor-1tvv03i rn-borderTopStyle-1efd50x rn-borderRightStyle-14skgim rn-borderBottomStyle-rull8r rn-borderLeftStyle-mm0ijv rn-borderTopWidth-13yce4e rn-borderRightWidth-fnigne rn-borderBottomWidth-ndvcnb rn-borderLeftWidth-gxnn5r rn-boxSizing-deolkf rn-display-6koalj rn-flexShrink-1pxmb3b rn-flexBasis-7vfszb rn-flexDirection-eqz5dr rn-marginTop-1mnahxq rn-marginRight-61z16t rn-marginBottom-p1pxzi rn-marginLeft-11wrixw rn-minHeight-ifefl9 rn-minWidth-bcqeeo rn-paddingTop-wk8lta rn-paddingRight-9aemit rn-paddingBottom-1mdbw0j rn-paddingLeft-gy4na3 rn-position-bnwqim rn-zIndex-1lgpqti"
    >
      <div
        className="rn-borderTopWidth-13yce4e rn-borderRightWidth-fnigne rn-borderBottomWidth-ndvcnb rn-borderLeftWidth-gxnn5r rn-boxSizing-deolkf rn-color-homxoj rn-display-1471scf rn-font-1lw9tu2 rn-fontFamily-10u92zi rn-fontSize-1ra0lkn rn-marginRight-61z16t rn-marginBottom-p1pxzi rn-marginLeft-11wrixw rn-marginTop-d0c3f3 rn-paddingTop-wk8lta rn-paddingRight-9aemit rn-paddingBottom-1mdbw0j rn-paddingLeft-gy4na3 rn-textDecoration-bauka4 rn-whiteSpace-q42fyq rn-wordWrap-qvutc0"
        dir="auto"
      >
        Welcome to BoilerPlate-UI!
      </div>
      <div
        className="rn-borderTopWidth-13yce4e rn-borderRightWidth-fnigne rn-borderBottomWidth-ndvcnb rn-borderLeftWidth-gxnn5r rn-boxSizing-deolkf rn-color-homxoj rn-display-1471scf rn-font-1lw9tu2 rn-fontFamily-10u92zi rn-fontSize-h1js2l rn-marginTop-38x2cy rn-marginRight-acz6fz rn-marginBottom-eektet rn-marginLeft-1cjg8pu rn-paddingTop-wk8lta rn-paddingRight-9aemit rn-paddingBottom-1mdbw0j rn-paddingLeft-gy4na3 rn-textDecoration-bauka4 rn-whiteSpace-q42fyq rn-wordWrap-qvutc0"
        dir="auto"
      >
        Sample Registration Form
      </div>
      <div
        className="rn-alignItems-1awozwy rn-borderTopStyle-1efd50x rn-borderRightStyle-14skgim rn-borderBottomStyle-rull8r rn-borderLeftStyle-mm0ijv rn-borderTopWidth-13yce4e rn-borderRightWidth-fnigne rn-borderBottomWidth-ndvcnb rn-borderLeftWidth-gxnn5r rn-boxSizing-deolkf rn-display-6koalj rn-flexShrink-1pxmb3b rn-flexBasis-7vfszb rn-flexDirection-eqz5dr rn-marginTop-1mnahxq rn-marginRight-61z16t rn-marginBottom-p1pxzi rn-marginLeft-11wrixw rn-minHeight-ifefl9 rn-minWidth-bcqeeo rn-paddingTop-wk8lta rn-paddingRight-9aemit rn-paddingBottom-1mdbw0j rn-paddingLeft-gy4na3 rn-position-bnwqim rn-zIndex-1lgpqti"
      >
        <div
          className="rn-alignItems-1awozwy rn-borderTopStyle-1efd50x rn-borderRightStyle-14skgim rn-borderBottomStyle-rull8r rn-borderLeftStyle-mm0ijv rn-borderTopWidth-13yce4e rn-borderRightWidth-fnigne rn-borderBottomWidth-ndvcnb rn-borderLeftWidth-gxnn5r rn-boxSizing-deolkf rn-display-6koalj rn-flexShrink-1pxmb3b rn-flexBasis-7vfszb rn-flexDirection-18u37iz rn-justifyContent-1wtj0ep rn-marginTop-1s2bzr4 rn-marginRight-1b7u577 rn-marginBottom-6gpygo rn-marginLeft-19u6a5r rn-minHeight-ifefl9 rn-minWidth-bcqeeo rn-paddingTop-wk8lta rn-paddingRight-9aemit rn-paddingBottom-1mdbw0j rn-paddingLeft-gy4na3 rn-position-bnwqim rn-zIndex-1lgpqti"
        >
          <div
            className="rn-borderTopWidth-13yce4e rn-borderRightWidth-fnigne rn-borderBottomWidth-ndvcnb rn-borderLeftWidth-gxnn5r rn-boxSizing-deolkf rn-color-homxoj rn-display-1471scf rn-font-1lw9tu2 rn-fontFamily-10u92zi rn-fontSize-1i10wst rn-fontWeight-vw2c0b rn-marginTop-1mnahxq rn-marginRight-61z16t rn-marginBottom-p1pxzi rn-marginLeft-11wrixw rn-paddingTop-wk8lta rn-paddingRight-9aemit rn-paddingBottom-1mdbw0j rn-paddingLeft-gy4na3 rn-textDecoration-bauka4 rn-whiteSpace-q42fyq rn-wordWrap-qvutc0"
            data-testid="firstname_label"
            dir="auto"
          >
            First Name 
          </div>
          <input
            autoCapitalize="sentences"
            autoComplete="on"
            autoCorrect="on"
            className="rn-MozAppearance-97bpaa rn-appearance-30o5oe rn-backgroundColor-wib322 rn-borderTopColor-kqr9px rn-borderRightColor-q0dj5p rn-borderBottomColor-1ah7hsa rn-borderLeftColor-137uh4u rn-borderTopLeftRadius-ou6ah9 rn-borderTopRightRadius-t12b5v rn-borderBottomRightRadius-zmljjp rn-borderBottomLeftRadius-pm2fo rn-borderTopStyle-1efd50x rn-borderRightStyle-14skgim rn-borderBottomStyle-rull8r rn-borderLeftStyle-mm0ijv rn-borderTopWidth-5kkj8d rn-borderRightWidth-13l2t4g rn-borderBottomWidth-qklmqi rn-borderLeftWidth-1ljd8xs rn-boxSizing-deolkf rn-fontFamily-10u92zi rn-fontSize-1b43r93 rn-paddingTop-wk8lta rn-paddingRight-9aemit rn-paddingBottom-1mdbw0j rn-paddingLeft-gy4na3 rn-resize-1dz5y72 rn-width-1f720gc"
            data-testid="firstname"
            dir="auto"
            maxLength={40}
            onBlur={[Function]}
            onChange={[Function]}
            onFocus={[Function]}
            onKeyDown={[Function]}
            onKeyPress={[Function]}
            onSelect={[Function]}
            placeholder="Enter your first name"
            readOnly={false}
            spellCheck={true}
            type="text"
          />
        </div>
        <div
          className="rn-alignItems-1awozwy rn-borderTopStyle-1efd50x rn-borderRightStyle-14skgim rn-borderBottomStyle-rull8r rn-borderLeftStyle-mm0ijv rn-borderTopWidth-13yce4e rn-borderRightWidth-fnigne rn-borderBottomWidth-ndvcnb rn-borderLeftWidth-gxnn5r rn-boxSizing-deolkf rn-display-6koalj rn-flexShrink-1pxmb3b rn-flexBasis-7vfszb rn-flexDirection-18u37iz rn-justifyContent-1wtj0ep rn-marginTop-1s2bzr4 rn-marginRight-1b7u577 rn-marginBottom-6gpygo rn-marginLeft-19u6a5r rn-minHeight-ifefl9 rn-minWidth-bcqeeo rn-paddingTop-wk8lta rn-paddingRight-9aemit rn-paddingBottom-1mdbw0j rn-paddingLeft-gy4na3 rn-position-bnwqim rn-zIndex-1lgpqti"
        >
          <div
            className="rn-borderTopWidth-13yce4e rn-borderRightWidth-fnigne rn-borderBottomWidth-ndvcnb rn-borderLeftWidth-gxnn5r rn-boxSizing-deolkf rn-color-homxoj rn-display-1471scf rn-font-1lw9tu2 rn-fontFamily-10u92zi rn-fontSize-1i10wst rn-fontWeight-vw2c0b rn-marginTop-1mnahxq rn-marginRight-61z16t rn-marginBottom-p1pxzi rn-marginLeft-11wrixw rn-paddingTop-wk8lta rn-paddingRight-9aemit rn-paddingBottom-1mdbw0j rn-paddingLeft-gy4na3 rn-textDecoration-bauka4 rn-whiteSpace-q42fyq rn-wordWrap-qvutc0"
            data-testid="lastname_label"
            dir="auto"
          >
            Last Name
          </div>
          <input
            autoCapitalize="sentences"
            autoComplete="on"
            autoCorrect="on"
            className="rn-MozAppearance-97bpaa rn-appearance-30o5oe rn-backgroundColor-wib322 rn-borderTopColor-kqr9px rn-borderRightColor-q0dj5p rn-borderBottomColor-1ah7hsa rn-borderLeftColor-137uh4u rn-borderTopLeftRadius-ou6ah9 rn-borderTopRightRadius-t12b5v rn-borderBottomRightRadius-zmljjp rn-borderBottomLeftRadius-pm2fo rn-borderTopStyle-1efd50x rn-borderRightStyle-14skgim rn-borderBottomStyle-rull8r rn-borderLeftStyle-mm0ijv rn-borderTopWidth-5kkj8d rn-borderRightWidth-13l2t4g rn-borderBottomWidth-qklmqi rn-borderLeftWidth-1ljd8xs rn-boxSizing-deolkf rn-fontFamily-10u92zi rn-fontSize-1b43r93 rn-paddingTop-wk8lta rn-paddingRight-9aemit rn-paddingBottom-1mdbw0j rn-paddingLeft-gy4na3 rn-resize-1dz5y72 rn-width-1f720gc"
            data-testid="lastname"
            dir="auto"
            onBlur={[Function]}
            onChange={[Function]}
            onFocus={[Function]}
            onKeyDown={[Function]}
            onKeyPress={[Function]}
            onSelect={[Function]}
            placeholder="Enter your last name"
            readOnly={false}
            spellCheck={true}
            type="text"
          />
        </div>
        <div
          className="rn-alignItems-1awozwy rn-borderTopStyle-1efd50x rn-borderRightStyle-14skgim rn-borderBottomStyle-rull8r rn-borderLeftStyle-mm0ijv rn-borderTopWidth-13yce4e rn-borderRightWidth-fnigne rn-borderBottomWidth-ndvcnb rn-borderLeftWidth-gxnn5r rn-boxSizing-deolkf rn-display-6koalj rn-flexShrink-1pxmb3b rn-flexBasis-7vfszb rn-flexDirection-18u37iz rn-justifyContent-1wtj0ep rn-marginTop-1s2bzr4 rn-marginRight-1b7u577 rn-marginBottom-6gpygo rn-marginLeft-19u6a5r rn-minHeight-ifefl9 rn-minWidth-bcqeeo rn-paddingTop-wk8lta rn-paddingRight-9aemit rn-paddingBottom-1mdbw0j rn-paddingLeft-gy4na3 rn-position-bnwqim rn-zIndex-1lgpqti"
        >
          <div
            className="rn-borderTopWidth-13yce4e rn-borderRightWidth-fnigne rn-borderBottomWidth-ndvcnb rn-borderLeftWidth-gxnn5r rn-boxSizing-deolkf rn-color-homxoj rn-display-1471scf rn-font-1lw9tu2 rn-fontFamily-10u92zi rn-fontSize-1i10wst rn-fontWeight-vw2c0b rn-marginTop-1mnahxq rn-marginRight-61z16t rn-marginBottom-p1pxzi rn-marginLeft-11wrixw rn-paddingTop-wk8lta rn-paddingRight-9aemit rn-paddingBottom-1mdbw0j rn-paddingLeft-gy4na3 rn-textDecoration-bauka4 rn-whiteSpace-q42fyq rn-wordWrap-qvutc0"
            data-testid="username_label"
            dir="auto"
          >
            Username
          </div>
          <input
            autoCapitalize="sentences"
            autoComplete="on"
            autoCorrect="on"
            className="rn-MozAppearance-97bpaa rn-appearance-30o5oe rn-backgroundColor-wib322 rn-borderTopColor-kqr9px rn-borderRightColor-q0dj5p rn-borderBottomColor-1ah7hsa rn-borderLeftColor-137uh4u rn-borderTopLeftRadius-ou6ah9 rn-borderTopRightRadius-t12b5v rn-borderBottomRightRadius-zmljjp rn-borderBottomLeftRadius-pm2fo rn-borderTopStyle-1efd50x rn-borderRightStyle-14skgim rn-borderBottomStyle-rull8r rn-borderLeftStyle-mm0ijv rn-borderTopWidth-5kkj8d rn-borderRightWidth-13l2t4g rn-borderBottomWidth-qklmqi rn-borderLeftWidth-1ljd8xs rn-boxSizing-deolkf rn-fontFamily-10u92zi rn-fontSize-1b43r93 rn-paddingTop-wk8lta rn-paddingRight-9aemit rn-paddingBottom-1mdbw0j rn-paddingLeft-gy4na3 rn-resize-1dz5y72 rn-width-1f720gc"
            data-testid="username"
            dir="auto"
            onBlur={[Function]}
            onChange={[Function]}
            onFocus={[Function]}
            onKeyDown={[Function]}
            onKeyPress={[Function]}
            onSelect={[Function]}
            placeholder="Enter your username"
            readOnly={false}
            spellCheck={true}
            type="text"
          />
        </div>
        <div
          className="rn-alignItems-1awozwy rn-borderTopStyle-1efd50x rn-borderRightStyle-14skgim rn-borderBottomStyle-rull8r rn-borderLeftStyle-mm0ijv rn-borderTopWidth-13yce4e rn-borderRightWidth-fnigne rn-borderBottomWidth-ndvcnb rn-borderLeftWidth-gxnn5r rn-boxSizing-deolkf rn-display-6koalj rn-flexShrink-1pxmb3b rn-flexBasis-7vfszb rn-flexDirection-18u37iz rn-justifyContent-1wtj0ep rn-marginTop-1s2bzr4 rn-marginRight-1b7u577 rn-marginBottom-6gpygo rn-marginLeft-19u6a5r rn-minHeight-ifefl9 rn-minWidth-bcqeeo rn-paddingTop-wk8lta rn-paddingRight-9aemit rn-paddingBottom-1mdbw0j rn-paddingLeft-gy4na3 rn-position-bnwqim rn-zIndex-1lgpqti"
        >
          <div
            className="rn-borderTopWidth-13yce4e rn-borderRightWidth-fnigne rn-borderBottomWidth-ndvcnb rn-borderLeftWidth-gxnn5r rn-boxSizing-deolkf rn-color-homxoj rn-display-1471scf rn-font-1lw9tu2 rn-fontFamily-10u92zi rn-fontSize-1i10wst rn-fontWeight-vw2c0b rn-marginTop-1mnahxq rn-marginRight-61z16t rn-marginBottom-p1pxzi rn-marginLeft-11wrixw rn-paddingTop-wk8lta rn-paddingRight-9aemit rn-paddingBottom-1mdbw0j rn-paddingLeft-gy4na3 rn-textDecoration-bauka4 rn-whiteSpace-q42fyq rn-wordWrap-qvutc0"
            data-testid="password_label"
            dir="auto"
          >
            Password
          </div>
          <input
            autoCapitalize="sentences"
            autoComplete="on"
            autoCorrect="on"
            className="rn-MozAppearance-97bpaa rn-appearance-30o5oe rn-backgroundColor-wib322 rn-borderTopColor-kqr9px rn-borderRightColor-q0dj5p rn-borderBottomColor-1ah7hsa rn-borderLeftColor-137uh4u rn-borderTopLeftRadius-ou6ah9 rn-borderTopRightRadius-t12b5v rn-borderBottomRightRadius-zmljjp rn-borderBottomLeftRadius-pm2fo rn-borderTopStyle-1efd50x rn-borderRightStyle-14skgim rn-borderBottomStyle-rull8r rn-borderLeftStyle-mm0ijv rn-borderTopWidth-5kkj8d rn-borderRightWidth-13l2t4g rn-borderBottomWidth-qklmqi rn-borderLeftWidth-1ljd8xs rn-boxSizing-deolkf rn-fontFamily-10u92zi rn-fontSize-1b43r93 rn-paddingTop-wk8lta rn-paddingRight-9aemit rn-paddingBottom-1mdbw0j rn-paddingLeft-gy4na3 rn-resize-1dz5y72 rn-width-1f720gc"
            data-testid="password"
            dir="auto"
            onBlur={[Function]}
            onChange={[Function]}
            onFocus={[Function]}
            onKeyDown={[Function]}
            onKeyPress={[Function]}
            onSelect={[Function]}
            placeholder="Enter your password"
            readOnly={false}
            spellCheck={true}
            type="text"
          />
        </div>
        <div
          className="rn-alignItems-1awozwy rn-borderTopStyle-1efd50x rn-borderRightStyle-14skgim rn-borderBottomStyle-rull8r rn-borderLeftStyle-mm0ijv rn-borderTopWidth-13yce4e rn-borderRightWidth-fnigne rn-borderBottomWidth-ndvcnb rn-borderLeftWidth-gxnn5r rn-boxSizing-deolkf rn-display-6koalj rn-flexShrink-1pxmb3b rn-flexBasis-7vfszb rn-flexDirection-18u37iz rn-justifyContent-1wtj0ep rn-marginTop-1s2bzr4 rn-marginRight-1b7u577 rn-marginBottom-6gpygo rn-marginLeft-19u6a5r rn-minHeight-ifefl9 rn-minWidth-bcqeeo rn-paddingTop-wk8lta rn-paddingRight-9aemit rn-paddingBottom-1mdbw0j rn-paddingLeft-gy4na3 rn-position-bnwqim rn-zIndex-1lgpqti"
        >
          <div
            className="rn-borderTopWidth-13yce4e rn-borderRightWidth-fnigne rn-borderBottomWidth-ndvcnb rn-borderLeftWidth-gxnn5r rn-boxSizing-deolkf rn-color-homxoj rn-display-1471scf rn-font-1lw9tu2 rn-fontFamily-10u92zi rn-fontSize-1i10wst rn-fontWeight-vw2c0b rn-marginTop-1mnahxq rn-marginRight-61z16t rn-marginBottom-p1pxzi rn-marginLeft-11wrixw rn-paddingTop-wk8lta rn-paddingRight-9aemit rn-paddingBottom-1mdbw0j rn-paddingLeft-gy4na3 rn-textDecoration-bauka4 rn-whiteSpace-q42fyq rn-wordWrap-qvutc0"
            data-testid="email_label"
            dir="auto"
          >
            EmailID
          </div>
          <input
            autoCapitalize="sentences"
            autoComplete="on"
            autoCorrect="on"
            className="rn-MozAppearance-97bpaa rn-appearance-30o5oe rn-backgroundColor-wib322 rn-borderTopColor-kqr9px rn-borderRightColor-q0dj5p rn-borderBottomColor-1ah7hsa rn-borderLeftColor-137uh4u rn-borderTopLeftRadius-ou6ah9 rn-borderTopRightRadius-t12b5v rn-borderBottomRightRadius-zmljjp rn-borderBottomLeftRadius-pm2fo rn-borderTopStyle-1efd50x rn-borderRightStyle-14skgim rn-borderBottomStyle-rull8r rn-borderLeftStyle-mm0ijv rn-borderTopWidth-5kkj8d rn-borderRightWidth-13l2t4g rn-borderBottomWidth-qklmqi rn-borderLeftWidth-1ljd8xs rn-boxSizing-deolkf rn-fontFamily-10u92zi rn-fontSize-1b43r93 rn-paddingTop-wk8lta rn-paddingRight-9aemit rn-paddingBottom-1mdbw0j rn-paddingLeft-gy4na3 rn-resize-1dz5y72 rn-width-1f720gc"
            data-testid="emailid"
            dir="auto"
            onBlur={[Function]}
            onChange={[Function]}
            onFocus={[Function]}
            onKeyDown={[Function]}
            onKeyPress={[Function]}
            onSelect={[Function]}
            placeholder="Enter your email id"
            readOnly={false}
            spellCheck={true}
            type="text"
          />
        </div>
        <div
          className="rn-alignItems-1awozwy rn-borderTopStyle-1efd50x rn-borderRightStyle-14skgim rn-borderBottomStyle-rull8r rn-borderLeftStyle-mm0ijv rn-borderTopWidth-13yce4e rn-borderRightWidth-fnigne rn-borderBottomWidth-ndvcnb rn-borderLeftWidth-gxnn5r rn-boxSizing-deolkf rn-display-6koalj rn-flexShrink-1pxmb3b rn-flexBasis-7vfszb rn-flexDirection-18u37iz rn-justifyContent-1wtj0ep rn-marginTop-1s2bzr4 rn-marginRight-1b7u577 rn-marginBottom-6gpygo rn-marginLeft-19u6a5r rn-minHeight-ifefl9 rn-minWidth-bcqeeo rn-paddingTop-wk8lta rn-paddingRight-9aemit rn-paddingBottom-1mdbw0j rn-paddingLeft-gy4na3 rn-position-bnwqim rn-zIndex-1lgpqti"
        >
          <div
            className="rn-borderTopWidth-13yce4e rn-borderRightWidth-fnigne rn-borderBottomWidth-ndvcnb rn-borderLeftWidth-gxnn5r rn-boxSizing-deolkf rn-color-homxoj rn-display-1471scf rn-font-1lw9tu2 rn-fontFamily-10u92zi rn-fontSize-1i10wst rn-fontWeight-vw2c0b rn-marginTop-1mnahxq rn-marginRight-61z16t rn-marginBottom-p1pxzi rn-marginLeft-11wrixw rn-paddingTop-wk8lta rn-paddingRight-9aemit rn-paddingBottom-1mdbw0j rn-paddingLeft-gy4na3 rn-textDecoration-bauka4 rn-whiteSpace-q42fyq rn-wordWrap-qvutc0"
            dir="auto"
          >
            Age
          </div>
          <select
            className="rn-fontFamily-10u92zi rn-fontSize-7cikom rn-marginTop-1mnahxq rn-marginRight-61z16t rn-marginBottom-p1pxzi rn-marginLeft-11wrixw"
            data-testid="age"
            disabled={undefined}
            onChange={[Function]}
            style={
              Object {
                "width": "100px",
              }
            }
            value="34"
          >
            <option
              value={undefined}
            >
              30
            </option>
            <option
              value={undefined}
            >
              31
            </option>
            <option
              value={undefined}
            >
              32
            </option>
            <option
              value={undefined}
            >
              33
            </option>
            <option
              value="34"
            >
              34
            </option>
            <option
              value={undefined}
            >
              35
            </option>
            <option
              value={undefined}
            >
              36
            </option>
            <option
              value={undefined}
            >
              37
            </option>
          </select>
        </div>
        <div
          className="rn-alignItems-1awozwy rn-borderTopStyle-1efd50x rn-borderRightStyle-14skgim rn-borderBottomStyle-rull8r rn-borderLeftStyle-mm0ijv rn-borderTopWidth-13yce4e rn-borderRightWidth-fnigne rn-borderBottomWidth-ndvcnb rn-borderLeftWidth-gxnn5r rn-boxSizing-deolkf rn-display-6koalj rn-flexShrink-1pxmb3b rn-flexBasis-7vfszb rn-flexDirection-18u37iz rn-justifyContent-1wtj0ep rn-marginTop-1s2bzr4 rn-marginRight-1b7u577 rn-marginBottom-6gpygo rn-marginLeft-19u6a5r rn-minHeight-ifefl9 rn-minWidth-bcqeeo rn-paddingTop-wk8lta rn-paddingRight-9aemit rn-paddingBottom-1mdbw0j rn-paddingLeft-gy4na3 rn-position-bnwqim rn-zIndex-1lgpqti"
        >
          <div
            className="rn-borderTopWidth-13yce4e rn-borderRightWidth-fnigne rn-borderBottomWidth-ndvcnb rn-borderLeftWidth-gxnn5r rn-boxSizing-deolkf rn-color-homxoj rn-display-1471scf rn-font-1lw9tu2 rn-fontFamily-10u92zi rn-fontSize-1i10wst rn-fontWeight-vw2c0b rn-marginTop-1mnahxq rn-marginRight-61z16t rn-marginBottom-p1pxzi rn-marginLeft-11wrixw rn-paddingTop-wk8lta rn-paddingRight-9aemit rn-paddingBottom-1mdbw0j rn-paddingLeft-gy4na3 rn-textDecoration-bauka4 rn-whiteSpace-q42fyq rn-wordWrap-qvutc0"
            dir="auto"
          >
            Paperless bills
          </div>
          <div
            className="rn-alignItems-1oszu61 rn-borderTopStyle-1efd50x rn-borderRightStyle-14skgim rn-borderBottomStyle-rull8r rn-borderLeftStyle-mm0ijv rn-borderTopWidth-13yce4e rn-borderRightWidth-fnigne rn-borderBottomWidth-ndvcnb rn-borderLeftWidth-gxnn5r rn-boxSizing-deolkf rn-cursor-1loqt21 rn-display-6koalj rn-flexShrink-1pxmb3b rn-flexBasis-7vfszb rn-flexDirection-eqz5dr rn-marginTop-1mnahxq rn-marginRight-61z16t rn-marginBottom-p1pxzi rn-marginLeft-11wrixw rn-minHeight-ifefl9 rn-minWidth-bcqeeo rn-paddingTop-wk8lta rn-paddingRight-9aemit rn-paddingBottom-1mdbw0j rn-paddingLeft-gy4na3 rn-position-bnwqim rn-userSelect-lrvibr rn-zIndex-1lgpqti"
            data-testid="paperless"
            style={
              Object {
                "height": "20px",
                "width": "40px",
              }
            }
          >
            <div
              className="rn-alignItems-1oszu61 rn-borderTopStyle-1efd50x rn-borderRightStyle-14skgim rn-borderBottomStyle-rull8r rn-borderLeftStyle-mm0ijv rn-borderTopWidth-13yce4e rn-borderRightWidth-fnigne rn-borderBottomWidth-ndvcnb rn-borderLeftWidth-gxnn5r rn-bottom-1p0dtai rn-boxSizing-deolkf rn-display-6koalj rn-flexShrink-1pxmb3b rn-flexBasis-7vfszb rn-flexDirection-eqz5dr rn-height-1dernwh rn-left-1d2f490 rn-marginTop-1t01tom rn-marginRight-lchren rn-marginBottom-1qahzrx rn-marginLeft-1jj8364 rn-minHeight-ifefl9 rn-minWidth-bcqeeo rn-paddingTop-wk8lta rn-paddingRight-9aemit rn-paddingBottom-1mdbw0j rn-paddingLeft-gy4na3 rn-position-u8s1d rn-right-zchlnj rn-top-ipm5af rn-transitionDuration-13tjlyg rn-width-13qz1uu rn-zIndex-1lgpqti"
              style={
                Object {
                  "backgroundColor": "rgba(147,147,147,1)",
                  "borderBottomLeftRadius": "10px",
                  "borderBottomRightRadius": "10px",
                  "borderTopLeftRadius": "10px",
                  "borderTopRightRadius": "10px",
                }
              }
            />
            <div
              className="rn-alignItems-1oszu61 rn-alignSelf-k200y rn-borderTopLeftRadius-jt3ufn rn-borderTopRightRadius-1e868j9 rn-borderBottomRightRadius-ujv9e3 rn-borderBottomLeftRadius-1hakmuk rn-borderTopStyle-1efd50x rn-borderRightStyle-14skgim rn-borderBottomStyle-rull8r rn-borderLeftStyle-mm0ijv rn-borderTopWidth-13yce4e rn-borderRightWidth-fnigne rn-borderBottomWidth-ndvcnb rn-borderLeftWidth-gxnn5r rn-boxShadow-1ewcgjf rn-boxSizing-deolkf rn-display-6koalj rn-flexShrink-1pxmb3b rn-flexBasis-7vfszb rn-flexDirection-eqz5dr rn-left-1fe0xdi rn-marginTop-1mnahxq rn-marginRight-61z16t rn-marginBottom-p1pxzi rn-marginLeft-11wrixw rn-minHeight-ifefl9 rn-minWidth-bcqeeo rn-paddingTop-wk8lta rn-paddingRight-9aemit rn-paddingBottom-1mdbw0j rn-paddingLeft-gy4na3 rn-position-bnwqim rn-transform-emqnss rn-transitionDuration-13tjlyg rn-zIndex-1lgpqti"
              style={
                Object {
                  "backgroundColor": "rgba(250,250,250,1)",
                  "height": "20px",
                  "width": "20px",
                }
              }
            />
            <input
              checked={false}
              className="rn-bottom-1p0dtai rn-cursor-1ei5mc7 rn-height-1pi2tsx rn-left-1d2f490 rn-marginTop-1mnahxq rn-marginRight-61z16t rn-marginBottom-p1pxzi rn-marginLeft-11wrixw rn-opacity-1272l3b rn-paddingTop-wk8lta rn-paddingRight-9aemit rn-paddingBottom-1mdbw0j rn-paddingLeft-gy4na3 rn-position-u8s1d rn-right-zchlnj rn-top-ipm5af rn-width-13qz1uu"
              disabled={false}
              onBlur={[Function]}
              onChange={[Function]}
              onFocus={[Function]}
              type="checkbox"
            />
          </div>
        </div>
        <div
          className="rn-alignItems-1awozwy rn-borderTopStyle-1efd50x rn-borderRightStyle-14skgim rn-borderBottomStyle-rull8r rn-borderLeftStyle-mm0ijv rn-borderTopWidth-13yce4e rn-borderRightWidth-fnigne rn-borderBottomWidth-ndvcnb rn-borderLeftWidth-gxnn5r rn-boxSizing-deolkf rn-display-6koalj rn-flexShrink-1pxmb3b rn-flexBasis-7vfszb rn-flexDirection-18u37iz rn-justifyContent-1wtj0ep rn-marginTop-1s2bzr4 rn-marginRight-1b7u577 rn-marginBottom-6gpygo rn-marginLeft-19u6a5r rn-minHeight-ifefl9 rn-minWidth-bcqeeo rn-paddingTop-wk8lta rn-paddingRight-9aemit rn-paddingBottom-1mdbw0j rn-paddingLeft-gy4na3 rn-position-bnwqim rn-zIndex-1lgpqti"
        >
          <div
            className="rn-borderTopWidth-13yce4e rn-borderRightWidth-fnigne rn-borderBottomWidth-ndvcnb rn-borderLeftWidth-gxnn5r rn-boxSizing-deolkf rn-color-homxoj rn-display-1471scf rn-font-1lw9tu2 rn-fontFamily-10u92zi rn-fontSize-1i10wst rn-fontWeight-vw2c0b rn-marginTop-1mnahxq rn-marginRight-61z16t rn-marginBottom-p1pxzi rn-marginLeft-11wrixw rn-paddingTop-wk8lta rn-paddingRight-9aemit rn-paddingBottom-1mdbw0j rn-paddingLeft-gy4na3 rn-textDecoration-bauka4 rn-whiteSpace-q42fyq rn-wordWrap-qvutc0"
            dir="auto"
          >
            Email notification
          </div>
          <div
            className="rn-alignItems-1oszu61 rn-borderTopStyle-1efd50x rn-borderRightStyle-14skgim rn-borderBottomStyle-rull8r rn-borderLeftStyle-mm0ijv rn-borderTopWidth-13yce4e rn-borderRightWidth-fnigne rn-borderBottomWidth-ndvcnb rn-borderLeftWidth-gxnn5r rn-boxSizing-deolkf rn-cursor-1loqt21 rn-display-6koalj rn-flexShrink-1pxmb3b rn-flexBasis-7vfszb rn-flexDirection-eqz5dr rn-marginTop-1mnahxq rn-marginRight-61z16t rn-marginBottom-p1pxzi rn-marginLeft-11wrixw rn-minHeight-ifefl9 rn-minWidth-bcqeeo rn-paddingTop-wk8lta rn-paddingRight-9aemit rn-paddingBottom-1mdbw0j rn-paddingLeft-gy4na3 rn-position-bnwqim rn-userSelect-lrvibr rn-zIndex-1lgpqti"
            data-testid="emailNotification"
            style={
              Object {
                "height": "20px",
                "width": "40px",
              }
            }
          >
            <div
              className="rn-alignItems-1oszu61 rn-borderTopStyle-1efd50x rn-borderRightStyle-14skgim rn-borderBottomStyle-rull8r rn-borderLeftStyle-mm0ijv rn-borderTopWidth-13yce4e rn-borderRightWidth-fnigne rn-borderBottomWidth-ndvcnb rn-borderLeftWidth-gxnn5r rn-bottom-1p0dtai rn-boxSizing-deolkf rn-display-6koalj rn-flexShrink-1pxmb3b rn-flexBasis-7vfszb rn-flexDirection-eqz5dr rn-height-1dernwh rn-left-1d2f490 rn-marginTop-1t01tom rn-marginRight-lchren rn-marginBottom-1qahzrx rn-marginLeft-1jj8364 rn-minHeight-ifefl9 rn-minWidth-bcqeeo rn-paddingTop-wk8lta rn-paddingRight-9aemit rn-paddingBottom-1mdbw0j rn-paddingLeft-gy4na3 rn-position-u8s1d rn-right-zchlnj rn-top-ipm5af rn-transitionDuration-13tjlyg rn-width-13qz1uu rn-zIndex-1lgpqti"
              style={
                Object {
                  "backgroundColor": "rgba(147,147,147,1)",
                  "borderBottomLeftRadius": "10px",
                  "borderBottomRightRadius": "10px",
                  "borderTopLeftRadius": "10px",
                  "borderTopRightRadius": "10px",
                }
              }
            />
            <div
              className="rn-alignItems-1oszu61 rn-alignSelf-k200y rn-borderTopLeftRadius-jt3ufn rn-borderTopRightRadius-1e868j9 rn-borderBottomRightRadius-ujv9e3 rn-borderBottomLeftRadius-1hakmuk rn-borderTopStyle-1efd50x rn-borderRightStyle-14skgim rn-borderBottomStyle-rull8r rn-borderLeftStyle-mm0ijv rn-borderTopWidth-13yce4e rn-borderRightWidth-fnigne rn-borderBottomWidth-ndvcnb rn-borderLeftWidth-gxnn5r rn-boxShadow-1ewcgjf rn-boxSizing-deolkf rn-display-6koalj rn-flexShrink-1pxmb3b rn-flexBasis-7vfszb rn-flexDirection-eqz5dr rn-left-1fe0xdi rn-marginTop-1mnahxq rn-marginRight-61z16t rn-marginBottom-p1pxzi rn-marginLeft-11wrixw rn-minHeight-ifefl9 rn-minWidth-bcqeeo rn-paddingTop-wk8lta rn-paddingRight-9aemit rn-paddingBottom-1mdbw0j rn-paddingLeft-gy4na3 rn-position-bnwqim rn-transform-emqnss rn-transitionDuration-13tjlyg rn-zIndex-1lgpqti"
              style={
                Object {
                  "backgroundColor": "rgba(250,250,250,1)",
                  "height": "20px",
                  "width": "20px",
                }
              }
            />
            <input
              checked={false}
              className="rn-bottom-1p0dtai rn-cursor-1ei5mc7 rn-height-1pi2tsx rn-left-1d2f490 rn-marginTop-1mnahxq rn-marginRight-61z16t rn-marginBottom-p1pxzi rn-marginLeft-11wrixw rn-opacity-1272l3b rn-paddingTop-wk8lta rn-paddingRight-9aemit rn-paddingBottom-1mdbw0j rn-paddingLeft-gy4na3 rn-position-u8s1d rn-right-zchlnj rn-top-ipm5af rn-width-13qz1uu"
              disabled={false}
              onBlur={[Function]}
              onChange={[Function]}
              onFocus={[Function]}
              type="checkbox"
            />
          </div>
        </div>
        <div
          className="rn-alignItems-1awozwy rn-borderTopStyle-1efd50x rn-borderRightStyle-14skgim rn-borderBottomStyle-rull8r rn-borderLeftStyle-mm0ijv rn-borderTopWidth-13yce4e rn-borderRightWidth-fnigne rn-borderBottomWidth-ndvcnb rn-borderLeftWidth-gxnn5r rn-boxSizing-deolkf rn-display-6koalj rn-flexShrink-1pxmb3b rn-flexBasis-7vfszb rn-flexDirection-18u37iz rn-justifyContent-1wtj0ep rn-marginTop-1s2bzr4 rn-marginRight-1b7u577 rn-marginBottom-6gpygo rn-marginLeft-19u6a5r rn-minHeight-ifefl9 rn-minWidth-bcqeeo rn-paddingTop-wk8lta rn-paddingRight-9aemit rn-paddingBottom-1mdbw0j rn-paddingLeft-gy4na3 rn-position-bnwqim rn-zIndex-1lgpqti"
        >
          <div
            className="rn-alignItems-1oszu61 rn-borderTopLeftRadius-1iymjk7 rn-borderTopRightRadius-s2skl2 rn-borderBottomRightRadius-l5bh9y rn-borderBottomLeftRadius-101sy47 rn-borderTopStyle-1efd50x rn-borderRightStyle-14skgim rn-borderBottomStyle-rull8r rn-borderLeftStyle-mm0ijv rn-borderTopWidth-13yce4e rn-borderRightWidth-fnigne rn-borderBottomWidth-ndvcnb rn-borderLeftWidth-gxnn5r rn-boxSizing-deolkf rn-cursor-1loqt21 rn-display-6koalj rn-flexShrink-1pxmb3b rn-flexBasis-7vfszb rn-flexDirection-eqz5dr rn-marginTop-1mnahxq rn-marginRight-61z16t rn-marginBottom-p1pxzi rn-marginLeft-11wrixw rn-minHeight-ifefl9 rn-minWidth-bcqeeo rn-paddingTop-wk8lta rn-paddingRight-9aemit rn-paddingBottom-1mdbw0j rn-paddingLeft-gy4na3 rn-position-bnwqim rn-touchAction-1otgn73 rn-transitionDuration-eafdt9 rn-transitionProperty-1i6wzkk rn-userSelect-lrvibr rn-zIndex-1lgpqti"
            data-testid="register"
            disabled={undefined}
            onKeyDown={[Function]}
            onKeyPress={[Function]}
            onKeyUp={[Function]}
            onResponderGrant={[Function]}
            onResponderMove={[Function]}
            onResponderRelease={[Function]}
            onResponderTerminate={[Function]}
            onResponderTerminationRequest={[Function]}
            onStartShouldSetResponder={[Function]}
            role="button"
            style={
              Object {
                "backgroundColor": "rgba(255,0,0,1)",
              }
            }
            tabIndex="0"
          >
            <div
              className="rn-borderTopWidth-13yce4e rn-borderRightWidth-fnigne rn-borderBottomWidth-ndvcnb rn-borderLeftWidth-gxnn5r rn-boxSizing-deolkf rn-color-1qtguxu rn-display-1471scf rn-font-1lw9tu2 rn-fontFamily-10u92zi rn-fontSize-1b43r93 rn-fontWeight-majxgm rn-marginTop-1mnahxq rn-marginRight-61z16t rn-marginBottom-p1pxzi rn-marginLeft-11wrixw rn-paddingTop-tskmnb rn-paddingRight-1pyaxff rn-paddingBottom-xd6kpl rn-paddingLeft-1m04atk rn-textAlign-q4m81j rn-textDecoration-bauka4 rn-textTransform-tsynxw rn-whiteSpace-q42fyq rn-wordWrap-qvutc0"
              dir="auto"
            >
              Register
            </div>
          </div>
        </div>
      </div>
    </div>
  </div>
</div>
`;
